shagyeong@ubuntu:~/usp2022$ git

Command 'git' not found, but can be installed with:

sudo apt install git

shagyeong@ubuntu:~/usp2022$ sudo apt install git
[sudo] password for shagyeong: 

shagyeong@ubuntu:~/usp2022$ git config --global user.name shagyeong
shagyeong@ubuntu:~/usp2022$ git config --global user.email shagyeong21@gmail.com
shagyeong@ubuntu:~/usp2022$ git config --global --list
user.name=shagyeong
user.email=shagyeong21@gmail.com

shagyeong@ubuntu:~/usp2022$ git init
Initialized empty Git repository in /home/shagyeong/usp2022/.git/

shagyeong@ubuntu:~/usp2022$ git remote add origin https://github.com/shagyeong/USP
shagyeong@ubuntu:~/usp2022$ git add .
shagyeong@ubuntu:~/usp2022$ git commit -m "first commit"
[master (root-commit) 749f9ba] first commit
 8 files changed, 129 insertions(+)
 create mode 100755 helloworld/helloworld.c
 create mode 100755 helloworld/hw
 create mode 100644 list1/1.1printtextfile.c
 create mode 100644 list1/1.2hdump.c
 create mode 100755 list1/hdump
 create mode 100755 list1/ptf
 create mode 100644 list1/sampletext.txt
 create mode 100644 readme.txt

shagyeong@ubuntu:~/usp2022$ git push -u origin master
Username for 'https://github.com': shagyeong
Password for 'https://shagyeong@github.com': 
Enumerating objects: 12, done.
Counting objects: 100% (12/12), done.
Delta compression using up to 2 threads
Compressing objects: 100% (11/11), done.
Writing objects: 100% (12/12), 7.87 KiB | 1.97 MiB/s, done.
Total 12 (delta 2), reused 0 (delta 0)
remote: Resolving deltas: 100% (2/2), done.
remote: 
remote: Create a pull request for 'master' on GitHub by visiting:
remote:      https://github.com/shagyeong/USP/pull/new/master
remote: 
To https://github.com/shagyeong/USP
 * [new branch]      master -> master
Branch 'master' set up to track remote branch 'master' from 'origin'.



shagyeong@ubuntu:~/usp2022$ git add .
shagyeong@ubuntu:~/usp2022$ git commit -m "first commit"
shagyeong@ubuntu:~/usp2022$ git push -u origin master
Username for 'https://github.com': shagyeong
Password for 'https://shagyeong@github.com': 

